------------------------------------------------------------
Timing Analyzer Summary
------------------------------------------------------------

Type  : Slow 1100mV 85C Model Setup 'CLOCK_50'
Slack : -12.138
TNS   : -35454.951

Type  : Slow 1100mV 85C Model Setup 'iTOP|iAUD_CNTRL|iCLKGEN|gen_16_bit.pll|altera_pll_i|general[1].gpll~PLL_OUTPUT_COUNTER|divclk'
Slack : 646.837
TNS   : 0.000

Type  : Slow 1100mV 85C Model Hold 'CLOCK_50'
Slack : 0.217
TNS   : 0.000

Type  : Slow 1100mV 85C Model Hold 'iTOP|iAUD_CNTRL|iCLKGEN|gen_16_bit.pll|altera_pll_i|general[1].gpll~PLL_OUTPUT_COUNTER|divclk'
Slack : 0.338
TNS   : 0.000

Type  : Slow 1100mV 85C Model Minimum Pulse Width 'iTOP|iAUD_CNTRL|iCLKGEN|gen_16_bit.pll|altera_pll_i|general[0].gpll~FRACTIONAL_PLL|vcoph[0]'
Slack : 1.233
TNS   : 0.000

Type  : Slow 1100mV 85C Model Minimum Pulse Width 'CLOCK_50'
Slack : 8.870
TNS   : 0.000

Type  : Slow 1100mV 85C Model Minimum Pulse Width 'iTOP|iAUD_CNTRL|iCLKGEN|gen_16_bit.pll|altera_pll_i|general[0].gpll~PLL_OUTPUT_COUNTER|divclk'
Slack : 40.512
TNS   : 0.000

Type  : Slow 1100mV 85C Model Minimum Pulse Width 'iTOP|iAUD_CNTRL|iCLKGEN|gen_16_bit.pll|altera_pll_i|general[1].gpll~PLL_OUTPUT_COUNTER|divclk'
Slack : 324.331
TNS   : 0.000

Type  : Slow 1100mV 0C Model Setup 'CLOCK_50'
Slack : -12.744
TNS   : -36893.549

Type  : Slow 1100mV 0C Model Setup 'iTOP|iAUD_CNTRL|iCLKGEN|gen_16_bit.pll|altera_pll_i|general[1].gpll~PLL_OUTPUT_COUNTER|divclk'
Slack : 646.995
TNS   : 0.000

Type  : Slow 1100mV 0C Model Hold 'CLOCK_50'
Slack : 0.099
TNS   : 0.000

Type  : Slow 1100mV 0C Model Hold 'iTOP|iAUD_CNTRL|iCLKGEN|gen_16_bit.pll|altera_pll_i|general[1].gpll~PLL_OUTPUT_COUNTER|divclk'
Slack : 0.321
TNS   : 0.000

Type  : Slow 1100mV 0C Model Minimum Pulse Width 'iTOP|iAUD_CNTRL|iCLKGEN|gen_16_bit.pll|altera_pll_i|general[0].gpll~FRACTIONAL_PLL|vcoph[0]'
Slack : 1.233
TNS   : 0.000

Type  : Slow 1100mV 0C Model Minimum Pulse Width 'CLOCK_50'
Slack : 8.904
TNS   : 0.000

Type  : Slow 1100mV 0C Model Minimum Pulse Width 'iTOP|iAUD_CNTRL|iCLKGEN|gen_16_bit.pll|altera_pll_i|general[0].gpll~PLL_OUTPUT_COUNTER|divclk'
Slack : 40.484
TNS   : 0.000

Type  : Slow 1100mV 0C Model Minimum Pulse Width 'iTOP|iAUD_CNTRL|iCLKGEN|gen_16_bit.pll|altera_pll_i|general[1].gpll~PLL_OUTPUT_COUNTER|divclk'
Slack : 324.312
TNS   : 0.000

Type  : Fast 1100mV 85C Model Setup 'CLOCK_50'
Slack : 2.138
TNS   : 0.000

Type  : Fast 1100mV 85C Model Setup 'iTOP|iAUD_CNTRL|iCLKGEN|gen_16_bit.pll|altera_pll_i|general[1].gpll~PLL_OUTPUT_COUNTER|divclk'
Slack : 648.430
TNS   : 0.000

Type  : Fast 1100mV 85C Model Hold 'CLOCK_50'
Slack : 0.129
TNS   : 0.000

Type  : Fast 1100mV 85C Model Hold 'iTOP|iAUD_CNTRL|iCLKGEN|gen_16_bit.pll|altera_pll_i|general[1].gpll~PLL_OUTPUT_COUNTER|divclk'
Slack : 0.179
TNS   : 0.000

Type  : Fast 1100mV 85C Model Minimum Pulse Width 'iTOP|iAUD_CNTRL|iCLKGEN|gen_16_bit.pll|altera_pll_i|general[0].gpll~FRACTIONAL_PLL|vcoph[0]'
Slack : 1.233
TNS   : 0.000

Type  : Fast 1100mV 85C Model Minimum Pulse Width 'CLOCK_50'
Slack : 8.474
TNS   : 0.000

Type  : Fast 1100mV 85C Model Minimum Pulse Width 'iTOP|iAUD_CNTRL|iCLKGEN|gen_16_bit.pll|altera_pll_i|general[0].gpll~PLL_OUTPUT_COUNTER|divclk'
Slack : 40.591
TNS   : 0.000

Type  : Fast 1100mV 85C Model Minimum Pulse Width 'iTOP|iAUD_CNTRL|iCLKGEN|gen_16_bit.pll|altera_pll_i|general[1].gpll~PLL_OUTPUT_COUNTER|divclk'
Slack : 324.442
TNS   : 0.000

Type  : Fast 1100mV 0C Model Setup 'CLOCK_50'
Slack : 3.324
TNS   : 0.000

Type  : Fast 1100mV 0C Model Setup 'iTOP|iAUD_CNTRL|iCLKGEN|gen_16_bit.pll|altera_pll_i|general[1].gpll~PLL_OUTPUT_COUNTER|divclk'
Slack : 648.696
TNS   : 0.000

Type  : Fast 1100mV 0C Model Hold 'CLOCK_50'
Slack : 0.106
TNS   : 0.000

Type  : Fast 1100mV 0C Model Hold 'iTOP|iAUD_CNTRL|iCLKGEN|gen_16_bit.pll|altera_pll_i|general[1].gpll~PLL_OUTPUT_COUNTER|divclk'
Slack : 0.170
TNS   : 0.000

Type  : Fast 1100mV 0C Model Minimum Pulse Width 'iTOP|iAUD_CNTRL|iCLKGEN|gen_16_bit.pll|altera_pll_i|general[0].gpll~FRACTIONAL_PLL|vcoph[0]'
Slack : 1.233
TNS   : 0.000

Type  : Fast 1100mV 0C Model Minimum Pulse Width 'CLOCK_50'
Slack : 8.430
TNS   : 0.000

Type  : Fast 1100mV 0C Model Minimum Pulse Width 'iTOP|iAUD_CNTRL|iCLKGEN|gen_16_bit.pll|altera_pll_i|general[0].gpll~PLL_OUTPUT_COUNTER|divclk'
Slack : 40.584
TNS   : 0.000

Type  : Fast 1100mV 0C Model Minimum Pulse Width 'iTOP|iAUD_CNTRL|iCLKGEN|gen_16_bit.pll|altera_pll_i|general[1].gpll~PLL_OUTPUT_COUNTER|divclk'
Slack : 324.438
TNS   : 0.000

------------------------------------------------------------
