------------------------------------------------------------
Timing Analyzer Summary
------------------------------------------------------------

Type  : Slow 1100mV 85C Model Setup 'CLOCK_50'
Slack : -0.826
TNS   : -13.628

Type  : Slow 1100mV 85C Model Setup 'iTOP|iAUD_CNTRL|iCLKGEN|gen_16_bit.pll|altera_pll_i|general[1].gpll~PLL_OUTPUT_COUNTER|divclk'
Slack : 646.564
TNS   : 0.000

Type  : Slow 1100mV 85C Model Hold 'CLOCK_50'
Slack : 0.218
TNS   : 0.000

Type  : Slow 1100mV 85C Model Hold 'iTOP|iAUD_CNTRL|iCLKGEN|gen_16_bit.pll|altera_pll_i|general[1].gpll~PLL_OUTPUT_COUNTER|divclk'
Slack : 0.364
TNS   : 0.000

Type  : Slow 1100mV 85C Model Minimum Pulse Width 'iTOP|iAUD_CNTRL|iCLKGEN|gen_16_bit.pll|altera_pll_i|general[0].gpll~FRACTIONAL_PLL|vcoph[0]'
Slack : 1.233
TNS   : 0.000

Type  : Slow 1100mV 85C Model Minimum Pulse Width 'CLOCK_50'
Slack : 8.866
TNS   : 0.000

Type  : Slow 1100mV 85C Model Minimum Pulse Width 'iTOP|iAUD_CNTRL|iCLKGEN|gen_16_bit.pll|altera_pll_i|general[0].gpll~PLL_OUTPUT_COUNTER|divclk'
Slack : 40.512
TNS   : 0.000

Type  : Slow 1100mV 85C Model Minimum Pulse Width 'iTOP|iAUD_CNTRL|iCLKGEN|gen_16_bit.pll|altera_pll_i|general[1].gpll~PLL_OUTPUT_COUNTER|divclk'
Slack : 324.328
TNS   : 0.000

Type  : Slow 1100mV 0C Model Setup 'CLOCK_50'
Slack : -0.637
TNS   : -10.458

Type  : Slow 1100mV 0C Model Setup 'iTOP|iAUD_CNTRL|iCLKGEN|gen_16_bit.pll|altera_pll_i|general[1].gpll~PLL_OUTPUT_COUNTER|divclk'
Slack : 646.667
TNS   : 0.000

Type  : Slow 1100mV 0C Model Hold 'CLOCK_50'
Slack : 0.133
TNS   : 0.000

Type  : Slow 1100mV 0C Model Hold 'iTOP|iAUD_CNTRL|iCLKGEN|gen_16_bit.pll|altera_pll_i|general[1].gpll~PLL_OUTPUT_COUNTER|divclk'
Slack : 0.273
TNS   : 0.000

Type  : Slow 1100mV 0C Model Minimum Pulse Width 'iTOP|iAUD_CNTRL|iCLKGEN|gen_16_bit.pll|altera_pll_i|general[0].gpll~FRACTIONAL_PLL|vcoph[0]'
Slack : 1.233
TNS   : 0.000

Type  : Slow 1100mV 0C Model Minimum Pulse Width 'CLOCK_50'
Slack : 8.898
TNS   : 0.000

Type  : Slow 1100mV 0C Model Minimum Pulse Width 'iTOP|iAUD_CNTRL|iCLKGEN|gen_16_bit.pll|altera_pll_i|general[0].gpll~PLL_OUTPUT_COUNTER|divclk'
Slack : 40.484
TNS   : 0.000

Type  : Slow 1100mV 0C Model Minimum Pulse Width 'iTOP|iAUD_CNTRL|iCLKGEN|gen_16_bit.pll|altera_pll_i|general[1].gpll~PLL_OUTPUT_COUNTER|divclk'
Slack : 324.315
TNS   : 0.000

Type  : Fast 1100mV 85C Model Setup 'CLOCK_50'
Slack : 8.347
TNS   : 0.000

Type  : Fast 1100mV 85C Model Setup 'iTOP|iAUD_CNTRL|iCLKGEN|gen_16_bit.pll|altera_pll_i|general[1].gpll~PLL_OUTPUT_COUNTER|divclk'
Slack : 648.374
TNS   : 0.000

Type  : Fast 1100mV 85C Model Hold 'CLOCK_50'
Slack : 0.127
TNS   : 0.000

Type  : Fast 1100mV 85C Model Hold 'iTOP|iAUD_CNTRL|iCLKGEN|gen_16_bit.pll|altera_pll_i|general[1].gpll~PLL_OUTPUT_COUNTER|divclk'
Slack : 0.178
TNS   : 0.000

Type  : Fast 1100mV 85C Model Minimum Pulse Width 'iTOP|iAUD_CNTRL|iCLKGEN|gen_16_bit.pll|altera_pll_i|general[0].gpll~FRACTIONAL_PLL|vcoph[0]'
Slack : 1.233
TNS   : 0.000

Type  : Fast 1100mV 85C Model Minimum Pulse Width 'CLOCK_50'
Slack : 8.474
TNS   : 0.000

Type  : Fast 1100mV 85C Model Minimum Pulse Width 'iTOP|iAUD_CNTRL|iCLKGEN|gen_16_bit.pll|altera_pll_i|general[0].gpll~PLL_OUTPUT_COUNTER|divclk'
Slack : 40.591
TNS   : 0.000

Type  : Fast 1100mV 85C Model Minimum Pulse Width 'iTOP|iAUD_CNTRL|iCLKGEN|gen_16_bit.pll|altera_pll_i|general[1].gpll~PLL_OUTPUT_COUNTER|divclk'
Slack : 324.441
TNS   : 0.000

Type  : Fast 1100mV 0C Model Setup 'CLOCK_50'
Slack : 9.249
TNS   : 0.000

Type  : Fast 1100mV 0C Model Setup 'iTOP|iAUD_CNTRL|iCLKGEN|gen_16_bit.pll|altera_pll_i|general[1].gpll~PLL_OUTPUT_COUNTER|divclk'
Slack : 648.603
TNS   : 0.000

Type  : Fast 1100mV 0C Model Hold 'CLOCK_50'
Slack : 0.095
TNS   : 0.000

Type  : Fast 1100mV 0C Model Hold 'iTOP|iAUD_CNTRL|iCLKGEN|gen_16_bit.pll|altera_pll_i|general[1].gpll~PLL_OUTPUT_COUNTER|divclk'
Slack : 0.159
TNS   : 0.000

Type  : Fast 1100mV 0C Model Minimum Pulse Width 'iTOP|iAUD_CNTRL|iCLKGEN|gen_16_bit.pll|altera_pll_i|general[0].gpll~FRACTIONAL_PLL|vcoph[0]'
Slack : 1.233
TNS   : 0.000

Type  : Fast 1100mV 0C Model Minimum Pulse Width 'CLOCK_50'
Slack : 8.428
TNS   : 0.000

Type  : Fast 1100mV 0C Model Minimum Pulse Width 'iTOP|iAUD_CNTRL|iCLKGEN|gen_16_bit.pll|altera_pll_i|general[0].gpll~PLL_OUTPUT_COUNTER|divclk'
Slack : 40.584
TNS   : 0.000

Type  : Fast 1100mV 0C Model Minimum Pulse Width 'iTOP|iAUD_CNTRL|iCLKGEN|gen_16_bit.pll|altera_pll_i|general[1].gpll~PLL_OUTPUT_COUNTER|divclk'
Slack : 324.436
TNS   : 0.000

------------------------------------------------------------
