Analysis & Synthesis report for midi
Thu Mar 26 19:45:23 2026
Quartus Prime Version 25.1std.0 Build 1129 10/21/2025 SC Lite Edition


---------------------
; Table of Contents ;
---------------------
  1. Legal Notice
  2. Analysis & Synthesis Summary
  3. Analysis & Synthesis Settings
  4. Parallel Compilation
  5. Analysis & Synthesis Source Files Read
  6. Analysis & Synthesis Resource Usage Summary
  7. Analysis & Synthesis Resource Utilization by Entity
  8. Analysis & Synthesis DSP Block Usage Summary
  9. State Machine - |midi|midi_receiver:midi_receiver0|state
 10. General Register Statistics
 11. Multiplexer Restructuring Statistics (Restructuring Performed)
 12. Parameter Settings for Inferred Entity Instance: bin_to_bcd:bcd0|lpm_divide:Mod3
 13. Parameter Settings for Inferred Entity Instance: bin_to_bcd:bcd0|lpm_divide:Div3
 14. Parameter Settings for Inferred Entity Instance: bin_to_bcd:bcd0|lpm_divide:Mod2
 15. Parameter Settings for Inferred Entity Instance: bin_to_bcd:bcd0|lpm_divide:Mod1
 16. Parameter Settings for Inferred Entity Instance: bin_to_bcd:bcd0|lpm_divide:Div2
 17. Parameter Settings for Inferred Entity Instance: bin_to_bcd:bcd0|lpm_divide:Mod0
 18. Parameter Settings for Inferred Entity Instance: bin_to_bcd:bcd0|lpm_divide:Div1
 19. Parameter Settings for Inferred Entity Instance: bin_to_bcd:bcd0|lpm_divide:Div0
 20. Port Connectivity Checks: "midi_receiver:midi_receiver0|uart_rx:uart_rx_inst"
 21. Port Connectivity Checks: "midi_receiver:midi_receiver0"
 22. Post-Synthesis Netlist Statistics for Top Partition
 23. Elapsed Time Per Partition
 24. Analysis & Synthesis Messages
 25. Analysis & Synthesis Suppressed Messages



----------------
; Legal Notice ;
----------------
Copyright (C) 2025  Altera Corporation. All rights reserved.
Your use of Altera Corporation's design tools, logic functions 
and other software and tools, and any partner logic 
functions, and any output files from any of the foregoing 
(including device programming or simulation files), and any 
associated documentation or information are expressly subject 
to the terms and conditions of the Altera Program License 
Subscription Agreement, the Altera Quartus Prime License Agreement,
the Altera IP License Agreement, or other applicable license
agreement, including, without limitation, that your use is for
the sole purpose of programming logic devices manufactured by
Altera and sold by Altera or its authorized distributors.  Please
refer to the Altera Software License Subscription Agreements 
on the Quartus Prime software download page.



+-----------------------------------------------------------------------------------+
; Analysis & Synthesis Summary                                                      ;
+---------------------------------+-------------------------------------------------+
; Analysis & Synthesis Status     ; Successful - Thu Mar 26 19:45:23 2026           ;
; Quartus Prime Version           ; 25.1std.0 Build 1129 10/21/2025 SC Lite Edition ;
; Revision Name                   ; midi                                            ;
; Top-level Entity Name           ; midi                                            ;
; Family                          ; Cyclone V                                       ;
; Logic utilization (in ALMs)     ; N/A                                             ;
; Total registers                 ; 43                                              ;
; Total pins                      ; 106                                             ;
; Total virtual pins              ; 0                                               ;
; Total block memory bits         ; 0                                               ;
; Total DSP Blocks                ; 1                                               ;
; Total HSSI RX PCSs              ; 0                                               ;
; Total HSSI PMA RX Deserializers ; 0                                               ;
; Total HSSI TX PCSs              ; 0                                               ;
; Total HSSI PMA TX Serializers   ; 0                                               ;
; Total PLLs                      ; 0                                               ;
; Total DLLs                      ; 0                                               ;
+---------------------------------+-------------------------------------------------+


+---------------------------------------------------------------------------------------------------------------------------+
; Analysis & Synthesis Settings                                                                                             ;
+---------------------------------------------------------------------------------+--------------------+--------------------+
; Option                                                                          ; Setting            ; Default Value      ;
+---------------------------------------------------------------------------------+--------------------+--------------------+
; Device                                                                          ; 5CSEMA5F31C6       ;                    ;
; Top-level entity name                                                           ; midi               ; midi               ;
; Family name                                                                     ; Cyclone V          ; Cyclone V          ;
; Use smart compilation                                                           ; Off                ; Off                ;
; Enable parallel Assembler and Timing Analyzer during compilation                ; On                 ; On                 ;
; Enable compact report table                                                     ; Off                ; Off                ;
; Restructure Multiplexers                                                        ; Auto               ; Auto               ;
; MLAB Add Timing Constraints For Mixed-Port Feed-Through Mode Setting Don't Care ; Off                ; Off                ;
; Create Debugging Nodes for IP Cores                                             ; Off                ; Off                ;
; Preserve fewer node names                                                       ; On                 ; On                 ;
; Intel FPGA IP Evaluation Mode                                                   ; Enable             ; Enable             ;
; Verilog Version                                                                 ; Verilog_2001       ; Verilog_2001       ;
; VHDL Version                                                                    ; VHDL_1993          ; VHDL_1993          ;
; State Machine Processing                                                        ; Auto               ; Auto               ;
; Safe State Machine                                                              ; Off                ; Off                ;
; Extract Verilog State Machines                                                  ; On                 ; On                 ;
; Extract VHDL State Machines                                                     ; On                 ; On                 ;
; Ignore Verilog initial constructs                                               ; Off                ; Off                ;
; Iteration limit for constant Verilog loops                                      ; 5000               ; 5000               ;
; Iteration limit for non-constant Verilog loops                                  ; 250                ; 250                ;
; Add Pass-Through Logic to Inferred RAMs                                         ; On                 ; On                 ;
; Infer RAMs from Raw Logic                                                       ; On                 ; On                 ;
; Parallel Synthesis                                                              ; On                 ; On                 ;
; DSP Block Balancing                                                             ; Auto               ; Auto               ;
; NOT Gate Push-Back                                                              ; On                 ; On                 ;
; Power-Up Don't Care                                                             ; On                 ; On                 ;
; Remove Redundant Logic Cells                                                    ; Off                ; Off                ;
; Remove Duplicate Registers                                                      ; On                 ; On                 ;
; Ignore CARRY Buffers                                                            ; Off                ; Off                ;
; Ignore CASCADE Buffers                                                          ; Off                ; Off                ;
; Ignore GLOBAL Buffers                                                           ; Off                ; Off                ;
; Ignore ROW GLOBAL Buffers                                                       ; Off                ; Off                ;
; Ignore LCELL Buffers                                                            ; Off                ; Off                ;
; Ignore SOFT Buffers                                                             ; On                 ; On                 ;
; Limit AHDL Integers to 32 Bits                                                  ; Off                ; Off                ;
; Optimization Technique                                                          ; Balanced           ; Balanced           ;
; Carry Chain Length                                                              ; 70                 ; 70                 ;
; Auto Carry Chains                                                               ; On                 ; On                 ;
; Auto Open-Drain Pins                                                            ; On                 ; On                 ;
; Perform WYSIWYG Primitive Resynthesis                                           ; Off                ; Off                ;
; Auto ROM Replacement                                                            ; On                 ; On                 ;
; Auto RAM Replacement                                                            ; On                 ; On                 ;
; Auto DSP Block Replacement                                                      ; On                 ; On                 ;
; Auto Shift Register Replacement                                                 ; Auto               ; Auto               ;
; Allow Shift Register Merging across Hierarchies                                 ; Auto               ; Auto               ;
; Auto Clock Enable Replacement                                                   ; On                 ; On                 ;
; Strict RAM Replacement                                                          ; Off                ; Off                ;
; Allow Synchronous Control Signals                                               ; On                 ; On                 ;
; Force Use of Synchronous Clear Signals                                          ; Off                ; Off                ;
; Auto Resource Sharing                                                           ; Off                ; Off                ;
; Allow Any RAM Size For Recognition                                              ; Off                ; Off                ;
; Allow Any ROM Size For Recognition                                              ; Off                ; Off                ;
; Allow Any Shift Register Size For Recognition                                   ; Off                ; Off                ;
; Use LogicLock Constraints during Resource Balancing                             ; On                 ; On                 ;
; Ignore translate_off and synthesis_off directives                               ; Off                ; Off                ;
; Timing-Driven Synthesis                                                         ; On                 ; On                 ;
; Report Parameter Settings                                                       ; On                 ; On                 ;
; Report Source Assignments                                                       ; On                 ; On                 ;
; Report Connectivity Checks                                                      ; On                 ; On                 ;
; Ignore Maximum Fan-Out Assignments                                              ; Off                ; Off                ;
; Synchronization Register Chain Length                                           ; 3                  ; 3                  ;
; Power Optimization During Synthesis                                             ; Normal compilation ; Normal compilation ;
; HDL message level                                                               ; Level2             ; Level2             ;
; Suppress Register Optimization Related Messages                                 ; Off                ; Off                ;
; Number of Removed Registers Reported in Synthesis Report                        ; 5000               ; 5000               ;
; Number of Swept Nodes Reported in Synthesis Report                              ; 5000               ; 5000               ;
; Number of Inverted Registers Reported in Synthesis Report                       ; 100                ; 100                ;
; Clock MUX Protection                                                            ; On                 ; On                 ;
; Auto Gated Clock Conversion                                                     ; Off                ; Off                ;
; Block Design Naming                                                             ; Auto               ; Auto               ;
; SDC constraint protection                                                       ; Off                ; Off                ;
; Synthesis Effort                                                                ; Auto               ; Auto               ;
; Shift Register Replacement - Allow Asynchronous Clear Signal                    ; On                 ; On                 ;
; Pre-Mapping Resynthesis Optimization                                            ; Off                ; Off                ;
; Analysis & Synthesis Message Level                                              ; Medium             ; Medium             ;
; Disable Register Merging Across Hierarchies                                     ; Auto               ; Auto               ;
; Resource Aware Inference For Block RAM                                          ; On                 ; On                 ;
; Automatic Parallel Synthesis                                                    ; On                 ; On                 ;
; Partial Reconfiguration Bitstream ID                                            ; Off                ; Off                ;
+---------------------------------------------------------------------------------+--------------------+--------------------+


+------------------------------------------+
; Parallel Compilation                     ;
+----------------------------+-------------+
; Processors                 ; Number      ;
+----------------------------+-------------+
; Number detected on machine ; 12          ;
; Maximum allowed            ; 12          ;
;                            ;             ;
; Average used               ; 1.00        ;
; Maximum used               ; 12          ;
;                            ;             ;
; Usage by Processor         ; % Time Used ;
;     Processor 1            ; 100.0%      ;
;     Processors 2-12        ;   0.0%      ;
+----------------------------+-------------+


+------------------------------------------------------------------------------------------------------------------------------------------------------------------------------------------+
; Analysis & Synthesis Source Files Read                                                                                                                                                   ;
+----------------------------------+-----------------+------------------------------------+--------------------------------------------------------------------------------------+---------+
; File Name with User-Entered Path ; Used in Netlist ; File Type                          ; File Name with Absolute Path                                                         ; Library ;
+----------------------------------+-----------------+------------------------------------+--------------------------------------------------------------------------------------+---------+
; ../uart_rx.sv                    ; yes             ; User SystemVerilog HDL File        ; /home/kalyan/Documents/school/ece554/autotune/rtl/uart_rx.sv                         ;         ;
; midi.sv                          ; yes             ; User SystemVerilog HDL File        ; /home/kalyan/Documents/school/ece554/autotune/rtl/midi/midi.sv                       ;         ;
; midi_receiver.sv                 ; yes             ; Auto-Found SystemVerilog HDL File  ; /home/kalyan/Documents/school/ece554/autotune/rtl/midi/midi_receiver.sv              ;         ;
; midi_freq_lut.sv                 ; yes             ; Auto-Found SystemVerilog HDL File  ; /home/kalyan/Documents/school/ece554/autotune/rtl/midi/midi_freq_lut.sv              ;         ;
; bin_to_bcd.sv                    ; yes             ; Auto-Found SystemVerilog HDL File  ; /home/kalyan/Documents/school/ece554/autotune/rtl/midi/bin_to_bcd.sv                 ;         ;
; lpm_divide.tdf                   ; yes             ; Megafunction                       ; /home/kalyan/altera_lite/25.1std/quartus/libraries/megafunctions/lpm_divide.tdf      ;         ;
; abs_divider.inc                  ; yes             ; Megafunction                       ; /home/kalyan/altera_lite/25.1std/quartus/libraries/megafunctions/abs_divider.inc     ;         ;
; sign_div_unsign.inc              ; yes             ; Megafunction                       ; /home/kalyan/altera_lite/25.1std/quartus/libraries/megafunctions/sign_div_unsign.inc ;         ;
; aglobal251.inc                   ; yes             ; Megafunction                       ; /home/kalyan/altera_lite/25.1std/quartus/libraries/megafunctions/aglobal251.inc      ;         ;
; db/lpm_divide_72m.tdf            ; yes             ; Auto-Generated Megafunction        ; /home/kalyan/Documents/school/ece554/autotune/rtl/midi/db/lpm_divide_72m.tdf         ;         ;
; db/sign_div_unsign_akh.tdf       ; yes             ; Auto-Generated Megafunction        ; /home/kalyan/Documents/school/ece554/autotune/rtl/midi/db/sign_div_unsign_akh.tdf    ;         ;
; db/alt_u_div_qse.tdf             ; yes             ; Auto-Generated Megafunction        ; /home/kalyan/Documents/school/ece554/autotune/rtl/midi/db/alt_u_div_qse.tdf          ;         ;
; db/lpm_divide_4am.tdf            ; yes             ; Auto-Generated Megafunction        ; /home/kalyan/Documents/school/ece554/autotune/rtl/midi/db/lpm_divide_4am.tdf         ;         ;
; db/lpm_divide_i3m.tdf            ; yes             ; Auto-Generated Megafunction        ; /home/kalyan/Documents/school/ece554/autotune/rtl/midi/db/lpm_divide_i3m.tdf         ;         ;
; db/sign_div_unsign_llh.tdf       ; yes             ; Auto-Generated Megafunction        ; /home/kalyan/Documents/school/ece554/autotune/rtl/midi/db/sign_div_unsign_llh.tdf    ;         ;
; db/alt_u_div_gve.tdf             ; yes             ; Auto-Generated Megafunction        ; /home/kalyan/Documents/school/ece554/autotune/rtl/midi/db/alt_u_div_gve.tdf          ;         ;
; db/lpm_divide_l3m.tdf            ; yes             ; Auto-Generated Megafunction        ; /home/kalyan/Documents/school/ece554/autotune/rtl/midi/db/lpm_divide_l3m.tdf         ;         ;
; db/sign_div_unsign_olh.tdf       ; yes             ; Auto-Generated Megafunction        ; /home/kalyan/Documents/school/ece554/autotune/rtl/midi/db/sign_div_unsign_olh.tdf    ;         ;
; db/alt_u_div_mve.tdf             ; yes             ; Auto-Generated Megafunction        ; /home/kalyan/Documents/school/ece554/autotune/rtl/midi/db/alt_u_div_mve.tdf          ;         ;
; db/lpm_divide_v4m.tdf            ; yes             ; Auto-Generated Megafunction        ; /home/kalyan/Documents/school/ece554/autotune/rtl/midi/db/lpm_divide_v4m.tdf         ;         ;
; db/sign_div_unsign_2nh.tdf       ; yes             ; Auto-Generated Megafunction        ; /home/kalyan/Documents/school/ece554/autotune/rtl/midi/db/sign_div_unsign_2nh.tdf    ;         ;
; db/alt_u_div_a2f.tdf             ; yes             ; Auto-Generated Megafunction        ; /home/kalyan/Documents/school/ece554/autotune/rtl/midi/db/alt_u_div_a2f.tdf          ;         ;
; db/lpm_divide_hbm.tdf            ; yes             ; Auto-Generated Megafunction        ; /home/kalyan/Documents/school/ece554/autotune/rtl/midi/db/lpm_divide_hbm.tdf         ;         ;
; db/sign_div_unsign_nlh.tdf       ; yes             ; Auto-Generated Megafunction        ; /home/kalyan/Documents/school/ece554/autotune/rtl/midi/db/sign_div_unsign_nlh.tdf    ;         ;
; db/alt_u_div_kve.tdf             ; yes             ; Auto-Generated Megafunction        ; /home/kalyan/Documents/school/ece554/autotune/rtl/midi/db/alt_u_div_kve.tdf          ;         ;
; db/lpm_divide_scm.tdf            ; yes             ; Auto-Generated Megafunction        ; /home/kalyan/Documents/school/ece554/autotune/rtl/midi/db/lpm_divide_scm.tdf         ;         ;
+----------------------------------+-----------------+------------------------------------+--------------------------------------------------------------------------------------+---------+


+-------------------------------------------------------------------------------------------+
; Analysis & Synthesis Resource Usage Summary                                               ;
+---------------------------------------------+---------------------------------------------+
; Resource                                    ; Usage                                       ;
+---------------------------------------------+---------------------------------------------+
; Estimate of Logic utilization (ALMs needed) ; 345                                         ;
;                                             ;                                             ;
; Combinational ALUT usage for logic          ; 624                                         ;
;     -- 7 input functions                    ; 0                                           ;
;     -- 6 input functions                    ; 64                                          ;
;     -- 5 input functions                    ; 18                                          ;
;     -- 4 input functions                    ; 112                                         ;
;     -- <=3 input functions                  ; 430                                         ;
;                                             ;                                             ;
; Dedicated logic registers                   ; 43                                          ;
;                                             ;                                             ;
; I/O pins                                    ; 106                                         ;
;                                             ;                                             ;
; Total DSP Blocks                            ; 1                                           ;
;                                             ;                                             ;
; Maximum fan-out node                        ; midi_receiver:midi_receiver0|note_number[6] ;
; Maximum fan-out                             ; 52                                          ;
; Total fan-out                               ; 2319                                        ;
; Average fan-out                             ; 2.53                                        ;
+---------------------------------------------+---------------------------------------------+


+-----------------------------------------------------------------------------------------------------------------------------------------------------------------------------------------------------------------------------------------------------------------------------------------------------------------+
; Analysis & Synthesis Resource Utilization by Entity                                                                                                                                                                                                                                                             ;
+-------------------------------------------+---------------------+---------------------------+-------------------+------------+------+--------------+-----------------------------------------------------------------------------------------------------------------------+---------------------+--------------+
; Compilation Hierarchy Node                ; Combinational ALUTs ; Dedicated Logic Registers ; Block Memory Bits ; DSP Blocks ; Pins ; Virtual Pins ; Full Hierarchy Name                                                                                                   ; Entity Name         ; Library Name ;
+-------------------------------------------+---------------------+---------------------------+-------------------+------------+------+--------------+-----------------------------------------------------------------------------------------------------------------------+---------------------+--------------+
; |midi                                     ; 624 (38)            ; 43 (0)                    ; 0                 ; 1          ; 106  ; 0            ; |midi                                                                                                                 ; midi                ; work         ;
;    |bin_to_bcd:bcd0|                      ; 449 (0)             ; 0 (0)                     ; 0                 ; 1          ; 0    ; 0            ; |midi|bin_to_bcd:bcd0                                                                                                 ; bin_to_bcd          ; work         ;
;       |lpm_divide:Div0|                   ; 33 (0)              ; 0 (0)                     ; 0                 ; 0          ; 0    ; 0            ; |midi|bin_to_bcd:bcd0|lpm_divide:Div0                                                                                 ; lpm_divide          ; work         ;
;          |lpm_divide_scm:auto_generated|  ; 33 (0)              ; 0 (0)                     ; 0                 ; 0          ; 0    ; 0            ; |midi|bin_to_bcd:bcd0|lpm_divide:Div0|lpm_divide_scm:auto_generated                                                   ; lpm_divide_scm      ; work         ;
;             |sign_div_unsign_2nh:divider| ; 33 (0)              ; 0 (0)                     ; 0                 ; 0          ; 0    ; 0            ; |midi|bin_to_bcd:bcd0|lpm_divide:Div0|lpm_divide_scm:auto_generated|sign_div_unsign_2nh:divider                       ; sign_div_unsign_2nh ; work         ;
;                |alt_u_div_a2f:divider|    ; 33 (33)             ; 0 (0)                     ; 0                 ; 0          ; 0    ; 0            ; |midi|bin_to_bcd:bcd0|lpm_divide:Div0|lpm_divide_scm:auto_generated|sign_div_unsign_2nh:divider|alt_u_div_a2f:divider ; alt_u_div_a2f       ; work         ;
;       |lpm_divide:Div1|                   ; 59 (0)              ; 0 (0)                     ; 0                 ; 0          ; 0    ; 0            ; |midi|bin_to_bcd:bcd0|lpm_divide:Div1                                                                                 ; lpm_divide          ; work         ;
;          |lpm_divide_hbm:auto_generated|  ; 59 (0)              ; 0 (0)                     ; 0                 ; 0          ; 0    ; 0            ; |midi|bin_to_bcd:bcd0|lpm_divide:Div1|lpm_divide_hbm:auto_generated                                                   ; lpm_divide_hbm      ; work         ;
;             |sign_div_unsign_nlh:divider| ; 59 (0)              ; 0 (0)                     ; 0                 ; 0          ; 0    ; 0            ; |midi|bin_to_bcd:bcd0|lpm_divide:Div1|lpm_divide_hbm:auto_generated|sign_div_unsign_nlh:divider                       ; sign_div_unsign_nlh ; work         ;
;                |alt_u_div_kve:divider|    ; 59 (59)             ; 0 (0)                     ; 0                 ; 0          ; 0    ; 0            ; |midi|bin_to_bcd:bcd0|lpm_divide:Div1|lpm_divide_hbm:auto_generated|sign_div_unsign_nlh:divider|alt_u_div_kve:divider ; alt_u_div_kve       ; work         ;
;       |lpm_divide:Div2|                   ; 36 (0)              ; 0 (0)                     ; 0                 ; 0          ; 0    ; 0            ; |midi|bin_to_bcd:bcd0|lpm_divide:Div2                                                                                 ; lpm_divide          ; work         ;
;          |lpm_divide_4am:auto_generated|  ; 36 (0)              ; 0 (0)                     ; 0                 ; 0          ; 0    ; 0            ; |midi|bin_to_bcd:bcd0|lpm_divide:Div2|lpm_divide_4am:auto_generated                                                   ; lpm_divide_4am      ; work         ;
;             |sign_div_unsign_akh:divider| ; 36 (0)              ; 0 (0)                     ; 0                 ; 0          ; 0    ; 0            ; |midi|bin_to_bcd:bcd0|lpm_divide:Div2|lpm_divide_4am:auto_generated|sign_div_unsign_akh:divider                       ; sign_div_unsign_akh ; work         ;
;                |alt_u_div_qse:divider|    ; 36 (36)             ; 0 (0)                     ; 0                 ; 0          ; 0    ; 0            ; |midi|bin_to_bcd:bcd0|lpm_divide:Div2|lpm_divide_4am:auto_generated|sign_div_unsign_akh:divider|alt_u_div_qse:divider ; alt_u_div_qse       ; work         ;
;       |lpm_divide:Div3|                   ; 38 (0)              ; 0 (0)                     ; 0                 ; 0          ; 0    ; 0            ; |midi|bin_to_bcd:bcd0|lpm_divide:Div3                                                                                 ; lpm_divide          ; work         ;
;          |lpm_divide_4am:auto_generated|  ; 38 (0)              ; 0 (0)                     ; 0                 ; 0          ; 0    ; 0            ; |midi|bin_to_bcd:bcd0|lpm_divide:Div3|lpm_divide_4am:auto_generated                                                   ; lpm_divide_4am      ; work         ;
;             |sign_div_unsign_akh:divider| ; 38 (0)              ; 0 (0)                     ; 0                 ; 0          ; 0    ; 0            ; |midi|bin_to_bcd:bcd0|lpm_divide:Div3|lpm_divide_4am:auto_generated|sign_div_unsign_akh:divider                       ; sign_div_unsign_akh ; work         ;
;                |alt_u_div_qse:divider|    ; 38 (38)             ; 0 (0)                     ; 0                 ; 0          ; 0    ; 0            ; |midi|bin_to_bcd:bcd0|lpm_divide:Div3|lpm_divide_4am:auto_generated|sign_div_unsign_akh:divider|alt_u_div_qse:divider ; alt_u_div_qse       ; work         ;
;       |lpm_divide:Mod0|                   ; 58 (0)              ; 0 (0)                     ; 0                 ; 0          ; 0    ; 0            ; |midi|bin_to_bcd:bcd0|lpm_divide:Mod0                                                                                 ; lpm_divide          ; work         ;
;          |lpm_divide_v4m:auto_generated|  ; 58 (0)              ; 0 (0)                     ; 0                 ; 0          ; 0    ; 0            ; |midi|bin_to_bcd:bcd0|lpm_divide:Mod0|lpm_divide_v4m:auto_generated                                                   ; lpm_divide_v4m      ; work         ;
;             |sign_div_unsign_2nh:divider| ; 58 (0)              ; 0 (0)                     ; 0                 ; 0          ; 0    ; 0            ; |midi|bin_to_bcd:bcd0|lpm_divide:Mod0|lpm_divide_v4m:auto_generated|sign_div_unsign_2nh:divider                       ; sign_div_unsign_2nh ; work         ;
;                |alt_u_div_a2f:divider|    ; 58 (58)             ; 0 (0)                     ; 0                 ; 0          ; 0    ; 0            ; |midi|bin_to_bcd:bcd0|lpm_divide:Mod0|lpm_divide_v4m:auto_generated|sign_div_unsign_2nh:divider|alt_u_div_a2f:divider ; alt_u_div_a2f       ; work         ;
;       |lpm_divide:Mod1|                   ; 99 (0)              ; 0 (0)                     ; 0                 ; 0          ; 0    ; 0            ; |midi|bin_to_bcd:bcd0|lpm_divide:Mod1                                                                                 ; lpm_divide          ; work         ;
;          |lpm_divide_l3m:auto_generated|  ; 99 (0)              ; 0 (0)                     ; 0                 ; 0          ; 0    ; 0            ; |midi|bin_to_bcd:bcd0|lpm_divide:Mod1|lpm_divide_l3m:auto_generated                                                   ; lpm_divide_l3m      ; work         ;
;             |sign_div_unsign_olh:divider| ; 99 (0)              ; 0 (0)                     ; 0                 ; 0          ; 0    ; 0            ; |midi|bin_to_bcd:bcd0|lpm_divide:Mod1|lpm_divide_l3m:auto_generated|sign_div_unsign_olh:divider                       ; sign_div_unsign_olh ; work         ;
;                |alt_u_div_mve:divider|    ; 99 (99)             ; 0 (0)                     ; 0                 ; 0          ; 0    ; 0            ; |midi|bin_to_bcd:bcd0|lpm_divide:Mod1|lpm_divide_l3m:auto_generated|sign_div_unsign_olh:divider|alt_u_div_mve:divider ; alt_u_div_mve       ; work         ;
;       |lpm_divide:Mod2|                   ; 84 (0)              ; 0 (0)                     ; 0                 ; 0          ; 0    ; 0            ; |midi|bin_to_bcd:bcd0|lpm_divide:Mod2                                                                                 ; lpm_divide          ; work         ;
;          |lpm_divide_i3m:auto_generated|  ; 84 (0)              ; 0 (0)                     ; 0                 ; 0          ; 0    ; 0            ; |midi|bin_to_bcd:bcd0|lpm_divide:Mod2|lpm_divide_i3m:auto_generated                                                   ; lpm_divide_i3m      ; work         ;
;             |sign_div_unsign_llh:divider| ; 84 (0)              ; 0 (0)                     ; 0                 ; 0          ; 0    ; 0            ; |midi|bin_to_bcd:bcd0|lpm_divide:Mod2|lpm_divide_i3m:auto_generated|sign_div_unsign_llh:divider                       ; sign_div_unsign_llh ; work         ;
;                |alt_u_div_gve:divider|    ; 84 (84)             ; 0 (0)                     ; 0                 ; 0          ; 0    ; 0            ; |midi|bin_to_bcd:bcd0|lpm_divide:Mod2|lpm_divide_i3m:auto_generated|sign_div_unsign_llh:divider|alt_u_div_gve:divider ; alt_u_div_gve       ; work         ;
;       |lpm_divide:Mod3|                   ; 42 (0)              ; 0 (0)                     ; 0                 ; 0          ; 0    ; 0            ; |midi|bin_to_bcd:bcd0|lpm_divide:Mod3                                                                                 ; lpm_divide          ; work         ;
;          |lpm_divide_72m:auto_generated|  ; 42 (0)              ; 0 (0)                     ; 0                 ; 0          ; 0    ; 0            ; |midi|bin_to_bcd:bcd0|lpm_divide:Mod3|lpm_divide_72m:auto_generated                                                   ; lpm_divide_72m      ; work         ;
;             |sign_div_unsign_akh:divider| ; 42 (0)              ; 0 (0)                     ; 0                 ; 0          ; 0    ; 0            ; |midi|bin_to_bcd:bcd0|lpm_divide:Mod3|lpm_divide_72m:auto_generated|sign_div_unsign_akh:divider                       ; sign_div_unsign_akh ; work         ;
;                |alt_u_div_qse:divider|    ; 42 (42)             ; 0 (0)                     ; 0                 ; 0          ; 0    ; 0            ; |midi|bin_to_bcd:bcd0|lpm_divide:Mod3|lpm_divide_72m:auto_generated|sign_div_unsign_akh:divider|alt_u_div_qse:divider ; alt_u_div_qse       ; work         ;
;    |midi_freq_lut:lut0|                   ; 76 (76)             ; 0 (0)                     ; 0                 ; 0          ; 0    ; 0            ; |midi|midi_freq_lut:lut0                                                                                              ; midi_freq_lut       ; work         ;
;    |midi_receiver:midi_receiver0|         ; 61 (13)             ; 43 (10)                   ; 0                 ; 0          ; 0    ; 0            ; |midi|midi_receiver:midi_receiver0                                                                                    ; midi_receiver       ; work         ;
;       |uart_rx:uart_rx_inst|              ; 48 (48)             ; 33 (33)                   ; 0                 ; 0          ; 0    ; 0            ; |midi|midi_receiver:midi_receiver0|uart_rx:uart_rx_inst                                                               ; uart_rx             ; work         ;
+-------------------------------------------+---------------------+---------------------------+-------------------+------------+------+--------------+-----------------------------------------------------------------------------------------------------------------------+---------------------+--------------+
Note: For table entries with two numbers listed, the numbers in parentheses indicate the number of resources of the given type used by the specific entity alone. The numbers listed outside of parentheses indicate the total resources of the given type used by the specific entity and all of its sub-entities in the hierarchy.


+-----------------------------------------------+
; Analysis & Synthesis DSP Block Usage Summary  ;
+---------------------------------+-------------+
; Statistic                       ; Number Used ;
+---------------------------------+-------------+
; Two Independent 18x18           ; 1           ;
; Total number of DSP blocks      ; 1           ;
;                                 ;             ;
; Fixed Point Unsigned Multiplier ; 1           ;
+---------------------------------+-------------+


Encoding Type:  One-Hot
+-----------------------------------------------------------+
; State Machine - |midi|midi_receiver:midi_receiver0|state  ;
+--------------+--------------+--------------+--------------+
; Name         ; state.BYTE_1 ; state.BYTE_3 ; state.BYTE_2 ;
+--------------+--------------+--------------+--------------+
; state.BYTE_1 ; 0            ; 0            ; 0            ;
; state.BYTE_2 ; 1            ; 0            ; 1            ;
; state.BYTE_3 ; 1            ; 1            ; 0            ;
+--------------+--------------+--------------+--------------+


+------------------------------------------------------+
; General Register Statistics                          ;
+----------------------------------------------+-------+
; Statistic                                    ; Value ;
+----------------------------------------------+-------+
; Total registers                              ; 43    ;
; Number of registers using Synchronous Clear  ; 28    ;
; Number of registers using Synchronous Load   ; 0     ;
; Number of registers using Asynchronous Clear ; 0     ;
; Number of registers using Asynchronous Load  ; 0     ;
; Number of registers using Clock Enable       ; 38    ;
; Number of registers using Preset             ; 0     ;
+----------------------------------------------+-------+


+--------------------------------------------------------------------------------------------------------------------------------------------------------------------------------------+
; Multiplexer Restructuring Statistics (Restructuring Performed)                                                                                                                       ;
+--------------------+-----------+---------------+----------------------+------------------------+------------+------------------------------------------------------------------------+
; Multiplexer Inputs ; Bus Width ; Baseline Area ; Area if Restructured ; Saving if Restructured ; Registered ; Example Multiplexer Output                                             ;
+--------------------+-----------+---------------+----------------------+------------------------+------------+------------------------------------------------------------------------+
; 3:1                ; 7 bits    ; 14 LEs        ; 7 LEs                ; 7 LEs                  ; Yes        ; |midi|midi_receiver:midi_receiver0|note_number[3]                      ;
; 3:1                ; 9 bits    ; 18 LEs        ; 0 LEs                ; 18 LEs                 ; Yes        ; |midi|midi_receiver:midi_receiver0|uart_rx:uart_rx_inst|rx_shft_reg[3] ;
; 4:1                ; 4 bits    ; 8 LEs         ; 8 LEs                ; 0 LEs                  ; Yes        ; |midi|midi_receiver:midi_receiver0|uart_rx:uart_rx_inst|bit_cnt[2]     ;
; 5:1                ; 16 bits   ; 48 LEs        ; 32 LEs               ; 16 LEs                 ; Yes        ; |midi|midi_receiver:midi_receiver0|uart_rx:uart_rx_inst|baud_cnt[4]    ;
; 3:1                ; 2 bits    ; 4 LEs         ; 4 LEs                ; 0 LEs                  ; No         ; |midi|midi_receiver:midi_receiver0|state                               ;
; 3:1                ; 2 bits    ; 4 LEs         ; 4 LEs                ; 0 LEs                  ; No         ; |midi|midi_receiver:midi_receiver0|state                               ;
+--------------------+-----------+---------------+----------------------+------------------------+------------+------------------------------------------------------------------------+


+----------------------------------------------------------------------------------+
; Parameter Settings for Inferred Entity Instance: bin_to_bcd:bcd0|lpm_divide:Mod3 ;
+------------------------+----------------+----------------------------------------+
; Parameter Name         ; Value          ; Type                                   ;
+------------------------+----------------+----------------------------------------+
; LPM_WIDTHN             ; 7              ; Untyped                                ;
; LPM_WIDTHD             ; 4              ; Untyped                                ;
; LPM_NREPRESENTATION    ; UNSIGNED       ; Untyped                                ;
; LPM_DREPRESENTATION    ; UNSIGNED       ; Untyped                                ;
; LPM_PIPELINE           ; 0              ; Untyped                                ;
; LPM_REMAINDERPOSITIVE  ; TRUE           ; Untyped                                ;
; MAXIMIZE_SPEED         ; 5              ; Untyped                                ;
; CBXI_PARAMETER         ; lpm_divide_72m ; Untyped                                ;
; CARRY_CHAIN            ; MANUAL         ; Untyped                                ;
; OPTIMIZE_FOR_SPEED     ; 5              ; Untyped                                ;
; AUTO_CARRY_CHAINS      ; ON             ; AUTO_CARRY                             ;
; IGNORE_CARRY_BUFFERS   ; OFF            ; IGNORE_CARRY                           ;
; AUTO_CASCADE_CHAINS    ; ON             ; AUTO_CASCADE                           ;
; IGNORE_CASCADE_BUFFERS ; OFF            ; IGNORE_CASCADE                         ;
+------------------------+----------------+----------------------------------------+
Note: In order to hide this table in the UI and the text report file, please set the "Show Parameter Settings in Synthesis Report" option in "Analysis and Synthesis Settings -> More Settings" to "Off".


+----------------------------------------------------------------------------------+
; Parameter Settings for Inferred Entity Instance: bin_to_bcd:bcd0|lpm_divide:Div3 ;
+------------------------+----------------+----------------------------------------+
; Parameter Name         ; Value          ; Type                                   ;
+------------------------+----------------+----------------------------------------+
; LPM_WIDTHN             ; 7              ; Untyped                                ;
; LPM_WIDTHD             ; 4              ; Untyped                                ;
; LPM_NREPRESENTATION    ; UNSIGNED       ; Untyped                                ;
; LPM_DREPRESENTATION    ; UNSIGNED       ; Untyped                                ;
; LPM_PIPELINE           ; 0              ; Untyped                                ;
; LPM_REMAINDERPOSITIVE  ; TRUE           ; Untyped                                ;
; MAXIMIZE_SPEED         ; 5              ; Untyped                                ;
; CBXI_PARAMETER         ; lpm_divide_4am ; Untyped                                ;
; CARRY_CHAIN            ; MANUAL         ; Untyped                                ;
; OPTIMIZE_FOR_SPEED     ; 5              ; Untyped                                ;
; AUTO_CARRY_CHAINS      ; ON             ; AUTO_CARRY                             ;
; IGNORE_CARRY_BUFFERS   ; OFF            ; IGNORE_CARRY                           ;
; AUTO_CASCADE_CHAINS    ; ON             ; AUTO_CASCADE                           ;
; IGNORE_CASCADE_BUFFERS ; OFF            ; IGNORE_CASCADE                         ;
+------------------------+----------------+----------------------------------------+
Note: In order to hide this table in the UI and the text report file, please set the "Show Parameter Settings in Synthesis Report" option in "Analysis and Synthesis Settings -> More Settings" to "Off".


+----------------------------------------------------------------------------------+
; Parameter Settings for Inferred Entity Instance: bin_to_bcd:bcd0|lpm_divide:Mod2 ;
+------------------------+----------------+----------------------------------------+
; Parameter Name         ; Value          ; Type                                   ;
+------------------------+----------------+----------------------------------------+
; LPM_WIDTHN             ; 11             ; Untyped                                ;
; LPM_WIDTHD             ; 4              ; Untyped                                ;
; LPM_NREPRESENTATION    ; UNSIGNED       ; Untyped                                ;
; LPM_DREPRESENTATION    ; UNSIGNED       ; Untyped                                ;
; LPM_PIPELINE           ; 0              ; Untyped                                ;
; LPM_REMAINDERPOSITIVE  ; TRUE           ; Untyped                                ;
; MAXIMIZE_SPEED         ; 5              ; Untyped                                ;
; CBXI_PARAMETER         ; lpm_divide_i3m ; Untyped                                ;
; CARRY_CHAIN            ; MANUAL         ; Untyped                                ;
; OPTIMIZE_FOR_SPEED     ; 5              ; Untyped                                ;
; AUTO_CARRY_CHAINS      ; ON             ; AUTO_CARRY                             ;
; IGNORE_CARRY_BUFFERS   ; OFF            ; IGNORE_CARRY                           ;
; AUTO_CASCADE_CHAINS    ; ON             ; AUTO_CASCADE                           ;
; IGNORE_CASCADE_BUFFERS ; OFF            ; IGNORE_CASCADE                         ;
+------------------------+----------------+----------------------------------------+
Note: In order to hide this table in the UI and the text report file, please set the "Show Parameter Settings in Synthesis Report" option in "Analysis and Synthesis Settings -> More Settings" to "Off".


+----------------------------------------------------------------------------------+
; Parameter Settings for Inferred Entity Instance: bin_to_bcd:bcd0|lpm_divide:Mod1 ;
+------------------------+----------------+----------------------------------------+
; Parameter Name         ; Value          ; Type                                   ;
+------------------------+----------------+----------------------------------------+
; LPM_WIDTHN             ; 11             ; Untyped                                ;
; LPM_WIDTHD             ; 7              ; Untyped                                ;
; LPM_NREPRESENTATION    ; UNSIGNED       ; Untyped                                ;
; LPM_DREPRESENTATION    ; UNSIGNED       ; Untyped                                ;
; LPM_PIPELINE           ; 0              ; Untyped                                ;
; LPM_REMAINDERPOSITIVE  ; TRUE           ; Untyped                                ;
; MAXIMIZE_SPEED         ; 5              ; Untyped                                ;
; CBXI_PARAMETER         ; lpm_divide_l3m ; Untyped                                ;
; CARRY_CHAIN            ; MANUAL         ; Untyped                                ;
; OPTIMIZE_FOR_SPEED     ; 5              ; Untyped                                ;
; AUTO_CARRY_CHAINS      ; ON             ; AUTO_CARRY                             ;
; IGNORE_CARRY_BUFFERS   ; OFF            ; IGNORE_CARRY                           ;
; AUTO_CASCADE_CHAINS    ; ON             ; AUTO_CASCADE                           ;
; IGNORE_CASCADE_BUFFERS ; OFF            ; IGNORE_CASCADE                         ;
+------------------------+----------------+----------------------------------------+
Note: In order to hide this table in the UI and the text report file, please set the "Show Parameter Settings in Synthesis Report" option in "Analysis and Synthesis Settings -> More Settings" to "Off".


+----------------------------------------------------------------------------------+
; Parameter Settings for Inferred Entity Instance: bin_to_bcd:bcd0|lpm_divide:Div2 ;
+------------------------+----------------+----------------------------------------+
; Parameter Name         ; Value          ; Type                                   ;
+------------------------+----------------+----------------------------------------+
; LPM_WIDTHN             ; 7              ; Untyped                                ;
; LPM_WIDTHD             ; 4              ; Untyped                                ;
; LPM_NREPRESENTATION    ; UNSIGNED       ; Untyped                                ;
; LPM_DREPRESENTATION    ; UNSIGNED       ; Untyped                                ;
; LPM_PIPELINE           ; 0              ; Untyped                                ;
; LPM_REMAINDERPOSITIVE  ; TRUE           ; Untyped                                ;
; MAXIMIZE_SPEED         ; 5              ; Untyped                                ;
; CBXI_PARAMETER         ; lpm_divide_4am ; Untyped                                ;
; CARRY_CHAIN            ; MANUAL         ; Untyped                                ;
; OPTIMIZE_FOR_SPEED     ; 5              ; Untyped                                ;
; AUTO_CARRY_CHAINS      ; ON             ; AUTO_CARRY                             ;
; IGNORE_CARRY_BUFFERS   ; OFF            ; IGNORE_CARRY                           ;
; AUTO_CASCADE_CHAINS    ; ON             ; AUTO_CASCADE                           ;
; IGNORE_CASCADE_BUFFERS ; OFF            ; IGNORE_CASCADE                         ;
+------------------------+----------------+----------------------------------------+
Note: In order to hide this table in the UI and the text report file, please set the "Show Parameter Settings in Synthesis Report" option in "Analysis and Synthesis Settings -> More Settings" to "Off".


+----------------------------------------------------------------------------------+
; Parameter Settings for Inferred Entity Instance: bin_to_bcd:bcd0|lpm_divide:Mod0 ;
+------------------------+----------------+----------------------------------------+
; Parameter Name         ; Value          ; Type                                   ;
+------------------------+----------------+----------------------------------------+
; LPM_WIDTHN             ; 11             ; Untyped                                ;
; LPM_WIDTHD             ; 10             ; Untyped                                ;
; LPM_NREPRESENTATION    ; UNSIGNED       ; Untyped                                ;
; LPM_DREPRESENTATION    ; UNSIGNED       ; Untyped                                ;
; LPM_PIPELINE           ; 0              ; Untyped                                ;
; LPM_REMAINDERPOSITIVE  ; TRUE           ; Untyped                                ;
; MAXIMIZE_SPEED         ; 5              ; Untyped                                ;
; CBXI_PARAMETER         ; lpm_divide_v4m ; Untyped                                ;
; CARRY_CHAIN            ; MANUAL         ; Untyped                                ;
; OPTIMIZE_FOR_SPEED     ; 5              ; Untyped                                ;
; AUTO_CARRY_CHAINS      ; ON             ; AUTO_CARRY                             ;
; IGNORE_CARRY_BUFFERS   ; OFF            ; IGNORE_CARRY                           ;
; AUTO_CASCADE_CHAINS    ; ON             ; AUTO_CASCADE                           ;
; IGNORE_CASCADE_BUFFERS ; OFF            ; IGNORE_CASCADE                         ;
+------------------------+----------------+----------------------------------------+
Note: In order to hide this table in the UI and the text report file, please set the "Show Parameter Settings in Synthesis Report" option in "Analysis and Synthesis Settings -> More Settings" to "Off".


+----------------------------------------------------------------------------------+
; Parameter Settings for Inferred Entity Instance: bin_to_bcd:bcd0|lpm_divide:Div1 ;
+------------------------+----------------+----------------------------------------+
; Parameter Name         ; Value          ; Type                                   ;
+------------------------+----------------+----------------------------------------+
; LPM_WIDTHN             ; 10             ; Untyped                                ;
; LPM_WIDTHD             ; 7              ; Untyped                                ;
; LPM_NREPRESENTATION    ; UNSIGNED       ; Untyped                                ;
; LPM_DREPRESENTATION    ; UNSIGNED       ; Untyped                                ;
; LPM_PIPELINE           ; 0              ; Untyped                                ;
; LPM_REMAINDERPOSITIVE  ; TRUE           ; Untyped                                ;
; MAXIMIZE_SPEED         ; 5              ; Untyped                                ;
; CBXI_PARAMETER         ; lpm_divide_hbm ; Untyped                                ;
; CARRY_CHAIN            ; MANUAL         ; Untyped                                ;
; OPTIMIZE_FOR_SPEED     ; 5              ; Untyped                                ;
; AUTO_CARRY_CHAINS      ; ON             ; AUTO_CARRY                             ;
; IGNORE_CARRY_BUFFERS   ; OFF            ; IGNORE_CARRY                           ;
; AUTO_CASCADE_CHAINS    ; ON             ; AUTO_CASCADE                           ;
; IGNORE_CASCADE_BUFFERS ; OFF            ; IGNORE_CASCADE                         ;
+------------------------+----------------+----------------------------------------+
Note: In order to hide this table in the UI and the text report file, please set the "Show Parameter Settings in Synthesis Report" option in "Analysis and Synthesis Settings -> More Settings" to "Off".


+----------------------------------------------------------------------------------+
; Parameter Settings for Inferred Entity Instance: bin_to_bcd:bcd0|lpm_divide:Div0 ;
+------------------------+----------------+----------------------------------------+
; Parameter Name         ; Value          ; Type                                   ;
+------------------------+----------------+----------------------------------------+
; LPM_WIDTHN             ; 11             ; Untyped                                ;
; LPM_WIDTHD             ; 10             ; Untyped                                ;
; LPM_NREPRESENTATION    ; UNSIGNED       ; Untyped                                ;
; LPM_DREPRESENTATION    ; UNSIGNED       ; Untyped                                ;
; LPM_PIPELINE           ; 0              ; Untyped                                ;
; LPM_REMAINDERPOSITIVE  ; TRUE           ; Untyped                                ;
; MAXIMIZE_SPEED         ; 5              ; Untyped                                ;
; CBXI_PARAMETER         ; lpm_divide_scm ; Untyped                                ;
; CARRY_CHAIN            ; MANUAL         ; Untyped                                ;
; OPTIMIZE_FOR_SPEED     ; 5              ; Untyped                                ;
; AUTO_CARRY_CHAINS      ; ON             ; AUTO_CARRY                             ;
; IGNORE_CARRY_BUFFERS   ; OFF            ; IGNORE_CARRY                           ;
; AUTO_CASCADE_CHAINS    ; ON             ; AUTO_CASCADE                           ;
; IGNORE_CASCADE_BUFFERS ; OFF            ; IGNORE_CASCADE                         ;
+------------------------+----------------+----------------------------------------+
Note: In order to hide this table in the UI and the text report file, please set the "Show Parameter Settings in Synthesis Report" option in "Analysis and Synthesis Settings -> More Settings" to "Off".


+-------------------------------------------------------------------------------+
; Port Connectivity Checks: "midi_receiver:midi_receiver0|uart_rx:uart_rx_inst" ;
+-----------------+-------+----------+------------------------------------------+
; Port            ; Type  ; Severity ; Details                                  ;
+-----------------+-------+----------+------------------------------------------+
; clk_div[10..9]  ; Input ; Info     ; Stuck at VCC                             ;
; clk_div[15..11] ; Input ; Info     ; Stuck at GND                             ;
; clk_div[8..7]   ; Input ; Info     ; Stuck at GND                             ;
; clk_div[5..0]   ; Input ; Info     ; Stuck at GND                             ;
; clk_div[6]      ; Input ; Info     ; Stuck at VCC                             ;
+-----------------+-------+----------+------------------------------------------+


+---------------------------------------------------------------------------------------------------------------------------+
; Port Connectivity Checks: "midi_receiver:midi_receiver0"                                                                  ;
+-----------------+--------+----------+-------------------------------------------------------------------------------------+
; Port            ; Type   ; Severity ; Details                                                                             ;
+-----------------+--------+----------+-------------------------------------------------------------------------------------+
; note_on_trigger ; Output ; Info     ; Connected to dangling logic. Logic that only feeds a dangling port will be removed. ;
; velocity        ; Output ; Info     ; Connected to dangling logic. Logic that only feeds a dangling port will be removed. ;
+-----------------+--------+----------+-------------------------------------------------------------------------------------+


+-----------------------------------------------------+
; Post-Synthesis Netlist Statistics for Top Partition ;
+-----------------------+-----------------------------+
; Type                  ; Count                       ;
+-----------------------+-----------------------------+
; arriav_ff             ; 43                          ;
;     ENA               ; 12                          ;
;     ENA SCLR          ; 26                          ;
;     SCLR              ; 2                           ;
;     plain             ; 3                           ;
; arriav_io_obuf        ; 36                          ;
; arriav_lcell_comb     ; 631                         ;
;     arith             ; 272                         ;
;         0 data inputs ; 63                          ;
;         1 data inputs ; 61                          ;
;         2 data inputs ; 20                          ;
;         3 data inputs ; 77                          ;
;         4 data inputs ; 51                          ;
;     normal            ; 344                         ;
;         0 data inputs ; 1                           ;
;         1 data inputs ; 6                           ;
;         2 data inputs ; 132                         ;
;         3 data inputs ; 62                          ;
;         4 data inputs ; 61                          ;
;         5 data inputs ; 18                          ;
;         6 data inputs ; 64                          ;
;     shared            ; 15                          ;
;         0 data inputs ; 4                           ;
;         1 data inputs ; 11                          ;
; arriav_mac            ; 1                           ;
; boundary_port         ; 106                         ;
;                       ;                             ;
; Max LUT depth         ; 20.00                       ;
; Average LUT depth     ; 11.61                       ;
+-----------------------+-----------------------------+


+-------------------------------+
; Elapsed Time Per Partition    ;
+----------------+--------------+
; Partition Name ; Elapsed Time ;
+----------------+--------------+
; Top            ; 00:00:02     ;
+----------------+--------------+


+-------------------------------+
; Analysis & Synthesis Messages ;
+-------------------------------+
Info: *******************************************************************
Info: Running Quartus Prime Analysis & Synthesis
    Info: Version 25.1std.0 Build 1129 10/21/2025 SC Lite Edition
    Info: Processing started: Thu Mar 26 19:45:14 2026
Info: Command: quartus_map --read_settings_files=on --write_settings_files=off midi -c midi
Warning (18236): Number of processors has not been specified which may cause overloading on shared machines.  Set the global assignment NUM_PARALLEL_PROCESSORS in your QSF to an appropriate value for best performance.
Info (20030): Parallel compilation is enabled and will use 12 of the 12 processors detected
Info (12021): Found 1 design units, including 1 entities, in source file /home/kalyan/Documents/school/ece554/autotune/rtl/uart_rx.sv
    Info (12023): Found entity 1: uart_rx File: /home/kalyan/Documents/school/ece554/autotune/rtl/uart_rx.sv Line: 1
Warning (12019): Can't analyze file -- file midi/midi_receiver.sv is missing
Info (12021): Found 1 design units, including 1 entities, in source file midi.sv
    Info (12023): Found entity 1: midi File: /home/kalyan/Documents/school/ece554/autotune/rtl/midi/midi.sv Line: 6
Warning (12019): Can't analyze file -- file midi/midi_freq_lut.sv is missing
Warning (12019): Can't analyze file -- file midi/bin_to_bcd.sv is missing
Info (12021): Found 0 design units, including 0 entities, in source file /home/kalyan/Documents/school/ece554/autotune/rtl/fixed.sv
Info (12127): Elaborating entity "midi" for the top level hierarchy
Warning (10034): Output port "LEDR" at midi.sv(26) has no driver File: /home/kalyan/Documents/school/ece554/autotune/rtl/midi/midi.sv Line: 26
Warning (12125): Using design file midi_receiver.sv, which is not specified as a design file for the current project, but contains definitions for 1 design units and 1 entities in project
    Info (12023): Found entity 1: midi_receiver File: /home/kalyan/Documents/school/ece554/autotune/rtl/midi/midi_receiver.sv Line: 1
Info (12128): Elaborating entity "midi_receiver" for hierarchy "midi_receiver:midi_receiver0" File: /home/kalyan/Documents/school/ece554/autotune/rtl/midi/midi.sv Line: 57
Warning (10036): Verilog HDL or VHDL warning at midi_receiver.sv(16): object "ls_nybble" assigned a value but never read File: /home/kalyan/Documents/school/ece554/autotune/rtl/midi/midi_receiver.sv Line: 16
Info (12128): Elaborating entity "uart_rx" for hierarchy "midi_receiver:midi_receiver0|uart_rx:uart_rx_inst" File: /home/kalyan/Documents/school/ece554/autotune/rtl/midi/midi_receiver.sv Line: 26
Warning (10230): Verilog HDL assignment warning at uart_rx.sv(49): truncated value with size 32 to match size of target (16) File: /home/kalyan/Documents/school/ece554/autotune/rtl/uart_rx.sv Line: 49
Warning (10230): Verilog HDL assignment warning at uart_rx.sv(56): truncated value with size 32 to match size of target (4) File: /home/kalyan/Documents/school/ece554/autotune/rtl/uart_rx.sv Line: 56
Warning (12125): Using design file midi_freq_lut.sv, which is not specified as a design file for the current project, but contains definitions for 1 design units and 1 entities in project
    Info (12023): Found entity 1: midi_freq_lut File: /home/kalyan/Documents/school/ece554/autotune/rtl/midi/midi_freq_lut.sv Line: 1
Info (12128): Elaborating entity "midi_freq_lut" for hierarchy "midi_freq_lut:lut0" File: /home/kalyan/Documents/school/ece554/autotune/rtl/midi/midi.sv Line: 67
Warning (12125): Using design file bin_to_bcd.sv, which is not specified as a design file for the current project, but contains definitions for 1 design units and 1 entities in project
    Info (12023): Found entity 1: bin_to_bcd File: /home/kalyan/Documents/school/ece554/autotune/rtl/midi/bin_to_bcd.sv Line: 1
Info (12128): Elaborating entity "bin_to_bcd" for hierarchy "bin_to_bcd:bcd0" File: /home/kalyan/Documents/school/ece554/autotune/rtl/midi/midi.sv Line: 73
Warning (10230): Verilog HDL assignment warning at bin_to_bcd.sv(14): truncated value with size 32 to match size of target (4) File: /home/kalyan/Documents/school/ece554/autotune/rtl/midi/bin_to_bcd.sv Line: 14
Warning (10230): Verilog HDL assignment warning at bin_to_bcd.sv(15): truncated value with size 32 to match size of target (4) File: /home/kalyan/Documents/school/ece554/autotune/rtl/midi/bin_to_bcd.sv Line: 15
Warning (10230): Verilog HDL assignment warning at bin_to_bcd.sv(16): truncated value with size 32 to match size of target (4) File: /home/kalyan/Documents/school/ece554/autotune/rtl/midi/bin_to_bcd.sv Line: 16
Warning (10230): Verilog HDL assignment warning at bin_to_bcd.sv(17): truncated value with size 32 to match size of target (4) File: /home/kalyan/Documents/school/ece554/autotune/rtl/midi/bin_to_bcd.sv Line: 17
Warning (10230): Verilog HDL assignment warning at bin_to_bcd.sv(18): truncated value with size 32 to match size of target (4) File: /home/kalyan/Documents/school/ece554/autotune/rtl/midi/bin_to_bcd.sv Line: 18
Warning (10230): Verilog HDL assignment warning at bin_to_bcd.sv(19): truncated value with size 32 to match size of target (4) File: /home/kalyan/Documents/school/ece554/autotune/rtl/midi/bin_to_bcd.sv Line: 19
Info (276014): Found 1 instances of uninferred RAM logic
    Info (276004): RAM logic "midi_freq_lut:lut0|Ram0" is uninferred due to inappropriate RAM size File: /home/kalyan/Documents/school/ece554/autotune/rtl/midi/midi_freq_lut.sv Line: 7
Info (278001): Inferred 8 megafunctions from design logic
    Info (278004): Inferred divider/modulo megafunction ("lpm_divide") from the following logic: "bin_to_bcd:bcd0|Mod3" File: /home/kalyan/Documents/school/ece554/autotune/rtl/midi/bin_to_bcd.sv Line: 19
    Info (278004): Inferred divider/modulo megafunction ("lpm_divide") from the following logic: "bin_to_bcd:bcd0|Div3" File: /home/kalyan/Documents/school/ece554/autotune/rtl/midi/bin_to_bcd.sv Line: 18
    Info (278004): Inferred divider/modulo megafunction ("lpm_divide") from the following logic: "bin_to_bcd:bcd0|Mod2" File: /home/kalyan/Documents/school/ece554/autotune/rtl/midi/bin_to_bcd.sv Line: 17
    Info (278004): Inferred divider/modulo megafunction ("lpm_divide") from the following logic: "bin_to_bcd:bcd0|Mod1" File: /home/kalyan/Documents/school/ece554/autotune/rtl/midi/bin_to_bcd.sv Line: 16
    Info (278004): Inferred divider/modulo megafunction ("lpm_divide") from the following logic: "bin_to_bcd:bcd0|Div2" File: /home/kalyan/Documents/school/ece554/autotune/rtl/midi/bin_to_bcd.sv Line: 16
    Info (278004): Inferred divider/modulo megafunction ("lpm_divide") from the following logic: "bin_to_bcd:bcd0|Mod0" File: /home/kalyan/Documents/school/ece554/autotune/rtl/midi/bin_to_bcd.sv Line: 15
    Info (278004): Inferred divider/modulo megafunction ("lpm_divide") from the following logic: "bin_to_bcd:bcd0|Div1" File: /home/kalyan/Documents/school/ece554/autotune/rtl/midi/bin_to_bcd.sv Line: 15
    Info (278004): Inferred divider/modulo megafunction ("lpm_divide") from the following logic: "bin_to_bcd:bcd0|Div0" File: /home/kalyan/Documents/school/ece554/autotune/rtl/midi/bin_to_bcd.sv Line: 14
Info (12130): Elaborated megafunction instantiation "bin_to_bcd:bcd0|lpm_divide:Mod3" File: /home/kalyan/Documents/school/ece554/autotune/rtl/midi/bin_to_bcd.sv Line: 19
Info (12133): Instantiated megafunction "bin_to_bcd:bcd0|lpm_divide:Mod3" with the following parameter: File: /home/kalyan/Documents/school/ece554/autotune/rtl/midi/bin_to_bcd.sv Line: 19
    Info (12134): Parameter "LPM_WIDTHN" = "7"
    Info (12134): Parameter "LPM_WIDTHD" = "4"
    Info (12134): Parameter "LPM_NREPRESENTATION" = "UNSIGNED"
    Info (12134): Parameter "LPM_DREPRESENTATION" = "UNSIGNED"
Info (12021): Found 1 design units, including 1 entities, in source file db/lpm_divide_72m.tdf
    Info (12023): Found entity 1: lpm_divide_72m File: /home/kalyan/Documents/school/ece554/autotune/rtl/midi/db/lpm_divide_72m.tdf Line: 25
Info (12021): Found 1 design units, including 1 entities, in source file db/sign_div_unsign_akh.tdf
    Info (12023): Found entity 1: sign_div_unsign_akh File: /home/kalyan/Documents/school/ece554/autotune/rtl/midi/db/sign_div_unsign_akh.tdf Line: 25
Info (12021): Found 1 design units, including 1 entities, in source file db/alt_u_div_qse.tdf
    Info (12023): Found entity 1: alt_u_div_qse File: /home/kalyan/Documents/school/ece554/autotune/rtl/midi/db/alt_u_div_qse.tdf Line: 23
Info (12130): Elaborated megafunction instantiation "bin_to_bcd:bcd0|lpm_divide:Div3" File: /home/kalyan/Documents/school/ece554/autotune/rtl/midi/bin_to_bcd.sv Line: 18
Info (12133): Instantiated megafunction "bin_to_bcd:bcd0|lpm_divide:Div3" with the following parameter: File: /home/kalyan/Documents/school/ece554/autotune/rtl/midi/bin_to_bcd.sv Line: 18
    Info (12134): Parameter "LPM_WIDTHN" = "7"
    Info (12134): Parameter "LPM_WIDTHD" = "4"
    Info (12134): Parameter "LPM_NREPRESENTATION" = "UNSIGNED"
    Info (12134): Parameter "LPM_DREPRESENTATION" = "UNSIGNED"
Info (12021): Found 1 design units, including 1 entities, in source file db/lpm_divide_4am.tdf
    Info (12023): Found entity 1: lpm_divide_4am File: /home/kalyan/Documents/school/ece554/autotune/rtl/midi/db/lpm_divide_4am.tdf Line: 25
Info (12130): Elaborated megafunction instantiation "bin_to_bcd:bcd0|lpm_divide:Mod2" File: /home/kalyan/Documents/school/ece554/autotune/rtl/midi/bin_to_bcd.sv Line: 17
Info (12133): Instantiated megafunction "bin_to_bcd:bcd0|lpm_divide:Mod2" with the following parameter: File: /home/kalyan/Documents/school/ece554/autotune/rtl/midi/bin_to_bcd.sv Line: 17
    Info (12134): Parameter "LPM_WIDTHN" = "11"
    Info (12134): Parameter "LPM_WIDTHD" = "4"
    Info (12134): Parameter "LPM_NREPRESENTATION" = "UNSIGNED"
    Info (12134): Parameter "LPM_DREPRESENTATION" = "UNSIGNED"
Info (12021): Found 1 design units, including 1 entities, in source file db/lpm_divide_i3m.tdf
    Info (12023): Found entity 1: lpm_divide_i3m File: /home/kalyan/Documents/school/ece554/autotune/rtl/midi/db/lpm_divide_i3m.tdf Line: 25
Info (12021): Found 1 design units, including 1 entities, in source file db/sign_div_unsign_llh.tdf
    Info (12023): Found entity 1: sign_div_unsign_llh File: /home/kalyan/Documents/school/ece554/autotune/rtl/midi/db/sign_div_unsign_llh.tdf Line: 25
Info (12021): Found 1 design units, including 1 entities, in source file db/alt_u_div_gve.tdf
    Info (12023): Found entity 1: alt_u_div_gve File: /home/kalyan/Documents/school/ece554/autotune/rtl/midi/db/alt_u_div_gve.tdf Line: 23
Info (12130): Elaborated megafunction instantiation "bin_to_bcd:bcd0|lpm_divide:Mod1" File: /home/kalyan/Documents/school/ece554/autotune/rtl/midi/bin_to_bcd.sv Line: 16
Info (12133): Instantiated megafunction "bin_to_bcd:bcd0|lpm_divide:Mod1" with the following parameter: File: /home/kalyan/Documents/school/ece554/autotune/rtl/midi/bin_to_bcd.sv Line: 16
    Info (12134): Parameter "LPM_WIDTHN" = "11"
    Info (12134): Parameter "LPM_WIDTHD" = "7"
    Info (12134): Parameter "LPM_NREPRESENTATION" = "UNSIGNED"
    Info (12134): Parameter "LPM_DREPRESENTATION" = "UNSIGNED"
Info (12021): Found 1 design units, including 1 entities, in source file db/lpm_divide_l3m.tdf
    Info (12023): Found entity 1: lpm_divide_l3m File: /home/kalyan/Documents/school/ece554/autotune/rtl/midi/db/lpm_divide_l3m.tdf Line: 25
Info (12021): Found 1 design units, including 1 entities, in source file db/sign_div_unsign_olh.tdf
    Info (12023): Found entity 1: sign_div_unsign_olh File: /home/kalyan/Documents/school/ece554/autotune/rtl/midi/db/sign_div_unsign_olh.tdf Line: 25
Info (12021): Found 1 design units, including 1 entities, in source file db/alt_u_div_mve.tdf
    Info (12023): Found entity 1: alt_u_div_mve File: /home/kalyan/Documents/school/ece554/autotune/rtl/midi/db/alt_u_div_mve.tdf Line: 23
Info (12130): Elaborated megafunction instantiation "bin_to_bcd:bcd0|lpm_divide:Mod0" File: /home/kalyan/Documents/school/ece554/autotune/rtl/midi/bin_to_bcd.sv Line: 15
Info (12133): Instantiated megafunction "bin_to_bcd:bcd0|lpm_divide:Mod0" with the following parameter: File: /home/kalyan/Documents/school/ece554/autotune/rtl/midi/bin_to_bcd.sv Line: 15
    Info (12134): Parameter "LPM_WIDTHN" = "11"
    Info (12134): Parameter "LPM_WIDTHD" = "10"
    Info (12134): Parameter "LPM_NREPRESENTATION" = "UNSIGNED"
    Info (12134): Parameter "LPM_DREPRESENTATION" = "UNSIGNED"
Info (12021): Found 1 design units, including 1 entities, in source file db/lpm_divide_v4m.tdf
    Info (12023): Found entity 1: lpm_divide_v4m File: /home/kalyan/Documents/school/ece554/autotune/rtl/midi/db/lpm_divide_v4m.tdf Line: 25
Info (12021): Found 1 design units, including 1 entities, in source file db/sign_div_unsign_2nh.tdf
    Info (12023): Found entity 1: sign_div_unsign_2nh File: /home/kalyan/Documents/school/ece554/autotune/rtl/midi/db/sign_div_unsign_2nh.tdf Line: 25
Info (12021): Found 1 design units, including 1 entities, in source file db/alt_u_div_a2f.tdf
    Info (12023): Found entity 1: alt_u_div_a2f File: /home/kalyan/Documents/school/ece554/autotune/rtl/midi/db/alt_u_div_a2f.tdf Line: 23
Info (12130): Elaborated megafunction instantiation "bin_to_bcd:bcd0|lpm_divide:Div1" File: /home/kalyan/Documents/school/ece554/autotune/rtl/midi/bin_to_bcd.sv Line: 15
Info (12133): Instantiated megafunction "bin_to_bcd:bcd0|lpm_divide:Div1" with the following parameter: File: /home/kalyan/Documents/school/ece554/autotune/rtl/midi/bin_to_bcd.sv Line: 15
    Info (12134): Parameter "LPM_WIDTHN" = "10"
    Info (12134): Parameter "LPM_WIDTHD" = "7"
    Info (12134): Parameter "LPM_NREPRESENTATION" = "UNSIGNED"
    Info (12134): Parameter "LPM_DREPRESENTATION" = "UNSIGNED"
Info (12021): Found 1 design units, including 1 entities, in source file db/lpm_divide_hbm.tdf
    Info (12023): Found entity 1: lpm_divide_hbm File: /home/kalyan/Documents/school/ece554/autotune/rtl/midi/db/lpm_divide_hbm.tdf Line: 25
Info (12021): Found 1 design units, including 1 entities, in source file db/sign_div_unsign_nlh.tdf
    Info (12023): Found entity 1: sign_div_unsign_nlh File: /home/kalyan/Documents/school/ece554/autotune/rtl/midi/db/sign_div_unsign_nlh.tdf Line: 25
Info (12021): Found 1 design units, including 1 entities, in source file db/alt_u_div_kve.tdf
    Info (12023): Found entity 1: alt_u_div_kve File: /home/kalyan/Documents/school/ece554/autotune/rtl/midi/db/alt_u_div_kve.tdf Line: 23
Info (12130): Elaborated megafunction instantiation "bin_to_bcd:bcd0|lpm_divide:Div0" File: /home/kalyan/Documents/school/ece554/autotune/rtl/midi/bin_to_bcd.sv Line: 14
Info (12133): Instantiated megafunction "bin_to_bcd:bcd0|lpm_divide:Div0" with the following parameter: File: /home/kalyan/Documents/school/ece554/autotune/rtl/midi/bin_to_bcd.sv Line: 14
    Info (12134): Parameter "LPM_WIDTHN" = "11"
    Info (12134): Parameter "LPM_WIDTHD" = "10"
    Info (12134): Parameter "LPM_NREPRESENTATION" = "UNSIGNED"
    Info (12134): Parameter "LPM_DREPRESENTATION" = "UNSIGNED"
Info (12021): Found 1 design units, including 1 entities, in source file db/lpm_divide_scm.tdf
    Info (12023): Found entity 1: lpm_divide_scm File: /home/kalyan/Documents/school/ece554/autotune/rtl/midi/db/lpm_divide_scm.tdf Line: 25
Warning (13039): The following bidirectional pins have no drivers
    Warning (13040): bidirectional pin "GPIO[5]" has no driver File: /home/kalyan/Documents/school/ece554/autotune/rtl/midi/midi.sv Line: 33
    Warning (13040): bidirectional pin "GPIO[0]" has no driver File: /home/kalyan/Documents/school/ece554/autotune/rtl/midi/midi.sv Line: 33
    Warning (13040): bidirectional pin "GPIO[1]" has no driver File: /home/kalyan/Documents/school/ece554/autotune/rtl/midi/midi.sv Line: 33
    Warning (13040): bidirectional pin "GPIO[2]" has no driver File: /home/kalyan/Documents/school/ece554/autotune/rtl/midi/midi.sv Line: 33
    Warning (13040): bidirectional pin "GPIO[3]" has no driver File: /home/kalyan/Documents/school/ece554/autotune/rtl/midi/midi.sv Line: 33
    Warning (13040): bidirectional pin "GPIO[4]" has no driver File: /home/kalyan/Documents/school/ece554/autotune/rtl/midi/midi.sv Line: 33
    Warning (13040): bidirectional pin "GPIO[6]" has no driver File: /home/kalyan/Documents/school/ece554/autotune/rtl/midi/midi.sv Line: 33
    Warning (13040): bidirectional pin "GPIO[7]" has no driver File: /home/kalyan/Documents/school/ece554/autotune/rtl/midi/midi.sv Line: 33
    Warning (13040): bidirectional pin "GPIO[8]" has no driver File: /home/kalyan/Documents/school/ece554/autotune/rtl/midi/midi.sv Line: 33
    Warning (13040): bidirectional pin "GPIO[9]" has no driver File: /home/kalyan/Documents/school/ece554/autotune/rtl/midi/midi.sv Line: 33
    Warning (13040): bidirectional pin "GPIO[10]" has no driver File: /home/kalyan/Documents/school/ece554/autotune/rtl/midi/midi.sv Line: 33
    Warning (13040): bidirectional pin "GPIO[11]" has no driver File: /home/kalyan/Documents/school/ece554/autotune/rtl/midi/midi.sv Line: 33
    Warning (13040): bidirectional pin "GPIO[12]" has no driver File: /home/kalyan/Documents/school/ece554/autotune/rtl/midi/midi.sv Line: 33
    Warning (13040): bidirectional pin "GPIO[13]" has no driver File: /home/kalyan/Documents/school/ece554/autotune/rtl/midi/midi.sv Line: 33
    Warning (13040): bidirectional pin "GPIO[14]" has no driver File: /home/kalyan/Documents/school/ece554/autotune/rtl/midi/midi.sv Line: 33
    Warning (13040): bidirectional pin "GPIO[15]" has no driver File: /home/kalyan/Documents/school/ece554/autotune/rtl/midi/midi.sv Line: 33
    Warning (13040): bidirectional pin "GPIO[16]" has no driver File: /home/kalyan/Documents/school/ece554/autotune/rtl/midi/midi.sv Line: 33
    Warning (13040): bidirectional pin "GPIO[17]" has no driver File: /home/kalyan/Documents/school/ece554/autotune/rtl/midi/midi.sv Line: 33
    Warning (13040): bidirectional pin "GPIO[18]" has no driver File: /home/kalyan/Documents/school/ece554/autotune/rtl/midi/midi.sv Line: 33
    Warning (13040): bidirectional pin "GPIO[19]" has no driver File: /home/kalyan/Documents/school/ece554/autotune/rtl/midi/midi.sv Line: 33
    Warning (13040): bidirectional pin "GPIO[20]" has no driver File: /home/kalyan/Documents/school/ece554/autotune/rtl/midi/midi.sv Line: 33
    Warning (13040): bidirectional pin "GPIO[21]" has no driver File: /home/kalyan/Documents/school/ece554/autotune/rtl/midi/midi.sv Line: 33
    Warning (13040): bidirectional pin "GPIO[22]" has no driver File: /home/kalyan/Documents/school/ece554/autotune/rtl/midi/midi.sv Line: 33
    Warning (13040): bidirectional pin "GPIO[23]" has no driver File: /home/kalyan/Documents/school/ece554/autotune/rtl/midi/midi.sv Line: 33
    Warning (13040): bidirectional pin "GPIO[24]" has no driver File: /home/kalyan/Documents/school/ece554/autotune/rtl/midi/midi.sv Line: 33
    Warning (13040): bidirectional pin "GPIO[25]" has no driver File: /home/kalyan/Documents/school/ece554/autotune/rtl/midi/midi.sv Line: 33
    Warning (13040): bidirectional pin "GPIO[26]" has no driver File: /home/kalyan/Documents/school/ece554/autotune/rtl/midi/midi.sv Line: 33
    Warning (13040): bidirectional pin "GPIO[27]" has no driver File: /home/kalyan/Documents/school/ece554/autotune/rtl/midi/midi.sv Line: 33
    Warning (13040): bidirectional pin "GPIO[28]" has no driver File: /home/kalyan/Documents/school/ece554/autotune/rtl/midi/midi.sv Line: 33
    Warning (13040): bidirectional pin "GPIO[29]" has no driver File: /home/kalyan/Documents/school/ece554/autotune/rtl/midi/midi.sv Line: 33
    Warning (13040): bidirectional pin "GPIO[30]" has no driver File: /home/kalyan/Documents/school/ece554/autotune/rtl/midi/midi.sv Line: 33
    Warning (13040): bidirectional pin "GPIO[31]" has no driver File: /home/kalyan/Documents/school/ece554/autotune/rtl/midi/midi.sv Line: 33
    Warning (13040): bidirectional pin "GPIO[32]" has no driver File: /home/kalyan/Documents/school/ece554/autotune/rtl/midi/midi.sv Line: 33
    Warning (13040): bidirectional pin "GPIO[33]" has no driver File: /home/kalyan/Documents/school/ece554/autotune/rtl/midi/midi.sv Line: 33
    Warning (13040): bidirectional pin "GPIO[34]" has no driver File: /home/kalyan/Documents/school/ece554/autotune/rtl/midi/midi.sv Line: 33
    Warning (13040): bidirectional pin "GPIO[35]" has no driver File: /home/kalyan/Documents/school/ece554/autotune/rtl/midi/midi.sv Line: 33
Warning (13024): Output pins are stuck at VCC or GND
    Warning (13410): Pin "HEX5[1]" is stuck at GND File: /home/kalyan/Documents/school/ece554/autotune/rtl/midi/midi.sv Line: 20
    Warning (13410): Pin "LEDR[0]" is stuck at GND File: /home/kalyan/Documents/school/ece554/autotune/rtl/midi/midi.sv Line: 26
    Warning (13410): Pin "LEDR[1]" is stuck at GND File: /home/kalyan/Documents/school/ece554/autotune/rtl/midi/midi.sv Line: 26
    Warning (13410): Pin "LEDR[2]" is stuck at GND File: /home/kalyan/Documents/school/ece554/autotune/rtl/midi/midi.sv Line: 26
    Warning (13410): Pin "LEDR[3]" is stuck at GND File: /home/kalyan/Documents/school/ece554/autotune/rtl/midi/midi.sv Line: 26
    Warning (13410): Pin "LEDR[4]" is stuck at GND File: /home/kalyan/Documents/school/ece554/autotune/rtl/midi/midi.sv Line: 26
    Warning (13410): Pin "LEDR[5]" is stuck at GND File: /home/kalyan/Documents/school/ece554/autotune/rtl/midi/midi.sv Line: 26
    Warning (13410): Pin "LEDR[6]" is stuck at GND File: /home/kalyan/Documents/school/ece554/autotune/rtl/midi/midi.sv Line: 26
    Warning (13410): Pin "LEDR[7]" is stuck at GND File: /home/kalyan/Documents/school/ece554/autotune/rtl/midi/midi.sv Line: 26
    Warning (13410): Pin "LEDR[8]" is stuck at GND File: /home/kalyan/Documents/school/ece554/autotune/rtl/midi/midi.sv Line: 26
    Warning (13410): Pin "LEDR[9]" is stuck at GND File: /home/kalyan/Documents/school/ece554/autotune/rtl/midi/midi.sv Line: 26
Info (286030): Timing-Driven Synthesis is running
Info (144001): Generated suppressed messages file /home/kalyan/Documents/school/ece554/autotune/rtl/midi/midi.map.smsg
Info (16010): Generating hard_block partition "hard_block:auto_generated_inst"
    Info (16011): Adding 0 node(s), including 0 DDIO, 0 PLL, 0 transceiver and 0 LCELL
Warning (21074): Design contains 16 input pin(s) that do not drive logic
    Warning (15610): No output dependent on input pin "CLOCK2_50" File: /home/kalyan/Documents/school/ece554/autotune/rtl/midi/midi.sv Line: 10
    Warning (15610): No output dependent on input pin "CLOCK3_50" File: /home/kalyan/Documents/school/ece554/autotune/rtl/midi/midi.sv Line: 11
    Warning (15610): No output dependent on input pin "CLOCK4_50" File: /home/kalyan/Documents/school/ece554/autotune/rtl/midi/midi.sv Line: 12
    Warning (15610): No output dependent on input pin "KEY[1]" File: /home/kalyan/Documents/school/ece554/autotune/rtl/midi/midi.sv Line: 23
    Warning (15610): No output dependent on input pin "KEY[2]" File: /home/kalyan/Documents/school/ece554/autotune/rtl/midi/midi.sv Line: 23
    Warning (15610): No output dependent on input pin "KEY[3]" File: /home/kalyan/Documents/school/ece554/autotune/rtl/midi/midi.sv Line: 23
    Warning (15610): No output dependent on input pin "SW[0]" File: /home/kalyan/Documents/school/ece554/autotune/rtl/midi/midi.sv Line: 29
    Warning (15610): No output dependent on input pin "SW[1]" File: /home/kalyan/Documents/school/ece554/autotune/rtl/midi/midi.sv Line: 29
    Warning (15610): No output dependent on input pin "SW[2]" File: /home/kalyan/Documents/school/ece554/autotune/rtl/midi/midi.sv Line: 29
    Warning (15610): No output dependent on input pin "SW[3]" File: /home/kalyan/Documents/school/ece554/autotune/rtl/midi/midi.sv Line: 29
    Warning (15610): No output dependent on input pin "SW[4]" File: /home/kalyan/Documents/school/ece554/autotune/rtl/midi/midi.sv Line: 29
    Warning (15610): No output dependent on input pin "SW[5]" File: /home/kalyan/Documents/school/ece554/autotune/rtl/midi/midi.sv Line: 29
    Warning (15610): No output dependent on input pin "SW[6]" File: /home/kalyan/Documents/school/ece554/autotune/rtl/midi/midi.sv Line: 29
    Warning (15610): No output dependent on input pin "SW[7]" File: /home/kalyan/Documents/school/ece554/autotune/rtl/midi/midi.sv Line: 29
    Warning (15610): No output dependent on input pin "SW[8]" File: /home/kalyan/Documents/school/ece554/autotune/rtl/midi/midi.sv Line: 29
    Warning (15610): No output dependent on input pin "SW[9]" File: /home/kalyan/Documents/school/ece554/autotune/rtl/midi/midi.sv Line: 29
Info (21057): Implemented 740 device resources after synthesis - the final resource count might be different
    Info (21058): Implemented 18 input pins
    Info (21059): Implemented 52 output pins
    Info (21060): Implemented 36 bidirectional pins
    Info (21061): Implemented 633 logic cells
    Info (21062): Implemented 1 DSP elements
Info: Quartus Prime Analysis & Synthesis was successful. 0 errors, 83 warnings
    Info: Peak virtual memory: 531 megabytes
    Info: Processing ended: Thu Mar 26 19:45:23 2026
    Info: Elapsed time: 00:00:09
    Info: Total CPU time (on all processors): 00:00:18


+------------------------------------------+
; Analysis & Synthesis Suppressed Messages ;
+------------------------------------------+
The suppressed messages can be found in /home/kalyan/Documents/school/ece554/autotune/rtl/midi/midi.map.smsg.


